// Jest Snapshot v1, https://goo.gl/fbAQLP

exports[`App render should render correctly 1`] = `
ShallowWrapper {
  Symbol(enzyme.__root__): [Circular],
  Symbol(enzyme.__unrendered__): <App />,
  Symbol(enzyme.__renderer__): Object {
    "batchedUpdates": [Function],
    "getNode": [Function],
    "render": [Function],
    "simulateError": [Function],
    "simulateEvent": [Function],
    "unmount": [Function],
  },
  Symbol(enzyme.__node__): Object {
    "instance": null,
    "key": undefined,
    "nodeType": "function",
    "props": Object {
      "children": Array [
        <GlobalStyleComponent />,
        <ForwardRef />,
        <main>
          This is the main.
          <Button>
            Button test
          </Button>
          <Button
            palette="primary"
          >
            Button test
          </Button>
          <Button
            palette="secondary"
          >
            Button test
          </Button>
          <Button
            palette="naked"
          >
            Button test
          </Button>
          <hr />
          <Button
            palette="primary"
            size="sm"
          >
            Button test
          </Button>
          <Button
            palette="secondary"
            size="md"
          >
            Button test
          </Button>
          <Button
            palette="naked"
            size="lg"
          >
            Button test
          </Button>
          <hr />
          <Button
            fullWidth={true}
            palette="primary"
            size="sm"
          >
            Button test
          </Button>
          <hr />
          <p>
            Weight
          </p>
          <Heading
            level={1}
            size="lg"
            weight="light"
          >
            Heading
          </Heading>
          <Heading
            level={1}
            size="lg"
            weight="normal"
          >
            Heading
          </Heading>
          <Heading
            level={1}
            size="lg"
            weight="bold"
          >
            Heading
          </Heading>
          <hr />
          <p>
            Level gives the h tag number, whereas the size modify the font-size
          </p>
          <Heading
            level={4}
            size="xs"
          >
            Heading
          </Heading>
          <Heading
            level={3}
            size="lg"
          >
            Heading
          </Heading>
          <Heading
            level={4}
            size="lg"
          >
            Heading
          </Heading>
          <hr />
          <Heading
            level={1}
            size="md"
          >
            Heading
          </Heading>
          <Heading
            level={2}
            size="sm"
          >
            Heading
          </Heading>
          <Heading
            level={3}
            size="xs"
          >
            Heading
          </Heading>
          <hr />
          <p>
            family is the font
          </p>
          <Heading
            family="primary"
            level={1}
            size="md"
          >
            Heading
          </Heading>
          <Heading
            family="secondary"
            level={1}
            size="md"
          >
            Heading
          </Heading>
        </main>,
      ],
    },
    "ref": null,
    "rendered": Array [
      Object {
        "instance": null,
        "key": undefined,
        "nodeType": "class",
        "props": Object {},
        "ref": null,
        "rendered": null,
        "type": [Function],
      },
      Object {
        "instance": null,
        "key": undefined,
        "nodeType": "function",
        "props": Object {},
        "ref": null,
        "rendered": null,
        "type": Object {
          "$$typeof": Symbol(react.forward_ref),
          "attrs": Array [],
          "componentStyle": ComponentStyle {
            "componentId": "sc-bwzfXH",
            "isStatic": true,
            "rules": Array [
              "
  ",
              "
  position: fixed;
  ",
              "left",
              ": ",
              "0",
              ";
  ",
              "top",
              ": ",
              "0",
              ";
",
              "
  z-index:2;
  background: ",
              "#165A78",
              ";
  width: 100%;
  padding: 10px;
  ",
              "box-shadow: 0 3px 6px rgba(0,0,0,.16), 0 3px 6px rgba(0,0,0,.23)",
              ";
  display: flex;
  align-items: center;
  justify-content: flex-start;

  .logo {
    width: 50px;
    margin-right: 10px;
  }
",
            ],
          },
          "displayName": "Styled(Header)",
          "foldedComponentIds": Array [],
          "render": [Function],
          "styledComponentId": "sc-bwzfXH",
          "target": [Function],
          "toString": [Function],
          "warnTooManyClasses": [Function],
          "withComponent": [Function],
          Symbol(Symbol.hasInstance): [Function],
        },
      },
      Object {
        "instance": null,
        "key": undefined,
        "nodeType": "host",
        "props": Object {
          "children": Array [
            "This is the main.",
            <Button>
              Button test
            </Button>,
            <Button
              palette="primary"
            >
              Button test
            </Button>,
            <Button
              palette="secondary"
            >
              Button test
            </Button>,
            <Button
              palette="naked"
            >
              Button test
            </Button>,
            <hr />,
            <Button
              palette="primary"
              size="sm"
            >
              Button test
            </Button>,
            <Button
              palette="secondary"
              size="md"
            >
              Button test
            </Button>,
            <Button
              palette="naked"
              size="lg"
            >
              Button test
            </Button>,
            <hr />,
            <Button
              fullWidth={true}
              palette="primary"
              size="sm"
            >
              Button test
            </Button>,
            <hr />,
            <p>
              Weight
            </p>,
            <Heading
              level={1}
              size="lg"
              weight="light"
            >
              Heading
            </Heading>,
            <Heading
              level={1}
              size="lg"
              weight="normal"
            >
              Heading
            </Heading>,
            <Heading
              level={1}
              size="lg"
              weight="bold"
            >
              Heading
            </Heading>,
            <hr />,
            <p>
              Level gives the h tag number, whereas the size modify the font-size
            </p>,
            <Heading
              level={4}
              size="xs"
            >
              Heading
            </Heading>,
            <Heading
              level={3}
              size="lg"
            >
              Heading
            </Heading>,
            <Heading
              level={4}
              size="lg"
            >
              Heading
            </Heading>,
            <hr />,
            <Heading
              level={1}
              size="md"
            >
              Heading
            </Heading>,
            <Heading
              level={2}
              size="sm"
            >
              Heading
            </Heading>,
            <Heading
              level={3}
              size="xs"
            >
              Heading
            </Heading>,
            <hr />,
            <p>
              family is the font
            </p>,
            <Heading
              family="primary"
              level={1}
              size="md"
            >
              Heading
            </Heading>,
            <Heading
              family="secondary"
              level={1}
              size="md"
            >
              Heading
            </Heading>,
          ],
        },
        "ref": null,
        "rendered": Array [
          "This is the main.",
          Object {
            "instance": null,
            "key": undefined,
            "nodeType": "function",
            "props": Object {
              "children": "Button test",
            },
            "ref": null,
            "rendered": "Button test",
            "type": [Function],
          },
          Object {
            "instance": null,
            "key": undefined,
            "nodeType": "function",
            "props": Object {
              "children": "Button test",
              "palette": "primary",
            },
            "ref": null,
            "rendered": "Button test",
            "type": [Function],
          },
          Object {
            "instance": null,
            "key": undefined,
            "nodeType": "function",
            "props": Object {
              "children": "Button test",
              "palette": "secondary",
            },
            "ref": null,
            "rendered": "Button test",
            "type": [Function],
          },
          Object {
            "instance": null,
            "key": undefined,
            "nodeType": "function",
            "props": Object {
              "children": "Button test",
              "palette": "naked",
            },
            "ref": null,
            "rendered": "Button test",
            "type": [Function],
          },
          Object {
            "instance": null,
            "key": undefined,
            "nodeType": "host",
            "props": Object {},
            "ref": null,
            "rendered": null,
            "type": "hr",
          },
          Object {
            "instance": null,
            "key": undefined,
            "nodeType": "function",
            "props": Object {
              "children": "Button test",
              "palette": "primary",
              "size": "sm",
            },
            "ref": null,
            "rendered": "Button test",
            "type": [Function],
          },
          Object {
            "instance": null,
            "key": undefined,
            "nodeType": "function",
            "props": Object {
              "children": "Button test",
              "palette": "secondary",
              "size": "md",
            },
            "ref": null,
            "rendered": "Button test",
            "type": [Function],
          },
          Object {
            "instance": null,
            "key": undefined,
            "nodeType": "function",
            "props": Object {
              "children": "Button test",
              "palette": "naked",
              "size": "lg",
            },
            "ref": null,
            "rendered": "Button test",
            "type": [Function],
          },
          Object {
            "instance": null,
            "key": undefined,
            "nodeType": "host",
            "props": Object {},
            "ref": null,
            "rendered": null,
            "type": "hr",
          },
          Object {
            "instance": null,
            "key": undefined,
            "nodeType": "function",
            "props": Object {
              "children": "Button test",
              "fullWidth": true,
              "palette": "primary",
              "size": "sm",
            },
            "ref": null,
            "rendered": "Button test",
            "type": [Function],
          },
          Object {
            "instance": null,
            "key": undefined,
            "nodeType": "host",
            "props": Object {},
            "ref": null,
            "rendered": null,
            "type": "hr",
          },
          Object {
            "instance": null,
            "key": undefined,
            "nodeType": "host",
            "props": Object {
              "children": "Weight",
            },
            "ref": null,
            "rendered": "Weight",
            "type": "p",
          },
          Object {
            "instance": null,
            "key": undefined,
            "nodeType": "function",
            "props": Object {
              "children": "Heading",
              "level": 1,
              "size": "lg",
              "weight": "light",
            },
            "ref": null,
            "rendered": "Heading",
            "type": [Function],
          },
          Object {
            "instance": null,
            "key": undefined,
            "nodeType": "function",
            "props": Object {
              "children": "Heading",
              "level": 1,
              "size": "lg",
              "weight": "normal",
            },
            "ref": null,
            "rendered": "Heading",
            "type": [Function],
          },
          Object {
            "instance": null,
            "key": undefined,
            "nodeType": "function",
            "props": Object {
              "children": "Heading",
              "level": 1,
              "size": "lg",
              "weight": "bold",
            },
            "ref": null,
            "rendered": "Heading",
            "type": [Function],
          },
          Object {
            "instance": null,
            "key": undefined,
            "nodeType": "host",
            "props": Object {},
            "ref": null,
            "rendered": null,
            "type": "hr",
          },
          Object {
            "instance": null,
            "key": undefined,
            "nodeType": "host",
            "props": Object {
              "children": "Level gives the h tag number, whereas the size modify the font-size",
            },
            "ref": null,
            "rendered": "Level gives the h tag number, whereas the size modify the font-size",
            "type": "p",
          },
          Object {
            "instance": null,
            "key": undefined,
            "nodeType": "function",
            "props": Object {
              "children": "Heading",
              "level": 4,
              "size": "xs",
            },
            "ref": null,
            "rendered": "Heading",
            "type": [Function],
          },
          Object {
            "instance": null,
            "key": undefined,
            "nodeType": "function",
            "props": Object {
              "children": "Heading",
              "level": 3,
              "size": "lg",
            },
            "ref": null,
            "rendered": "Heading",
            "type": [Function],
          },
          Object {
            "instance": null,
            "key": undefined,
            "nodeType": "function",
            "props": Object {
              "children": "Heading",
              "level": 4,
              "size": "lg",
            },
            "ref": null,
            "rendered": "Heading",
            "type": [Function],
          },
          Object {
            "instance": null,
            "key": undefined,
            "nodeType": "host",
            "props": Object {},
            "ref": null,
            "rendered": null,
            "type": "hr",
          },
          Object {
            "instance": null,
            "key": undefined,
            "nodeType": "function",
            "props": Object {
              "children": "Heading",
              "level": 1,
              "size": "md",
            },
            "ref": null,
            "rendered": "Heading",
            "type": [Function],
          },
          Object {
            "instance": null,
            "key": undefined,
            "nodeType": "function",
            "props": Object {
              "children": "Heading",
              "level": 2,
              "size": "sm",
            },
            "ref": null,
            "rendered": "Heading",
            "type": [Function],
          },
          Object {
            "instance": null,
            "key": undefined,
            "nodeType": "function",
            "props": Object {
              "children": "Heading",
              "level": 3,
              "size": "xs",
            },
            "ref": null,
            "rendered": "Heading",
            "type": [Function],
          },
          Object {
            "instance": null,
            "key": undefined,
            "nodeType": "host",
            "props": Object {},
            "ref": null,
            "rendered": null,
            "type": "hr",
          },
          Object {
            "instance": null,
            "key": undefined,
            "nodeType": "host",
            "props": Object {
              "children": "family is the font",
            },
            "ref": null,
            "rendered": "family is the font",
            "type": "p",
          },
          Object {
            "instance": null,
            "key": undefined,
            "nodeType": "function",
            "props": Object {
              "children": "Heading",
              "family": "primary",
              "level": 1,
              "size": "md",
            },
            "ref": null,
            "rendered": "Heading",
            "type": [Function],
          },
          Object {
            "instance": null,
            "key": undefined,
            "nodeType": "function",
            "props": Object {
              "children": "Heading",
              "family": "secondary",
              "level": 1,
              "size": "md",
            },
            "ref": null,
            "rendered": "Heading",
            "type": [Function],
          },
        ],
        "type": "main",
      },
    ],
    "type": Object {
      "$$typeof": Symbol(react.forward_ref),
      "attrs": Array [],
      "componentStyle": ComponentStyle {
        "componentId": "sc-bdVaJa",
        "isStatic": true,
        "rules": Array [
          "
  /* display: flex;
  align-items: center;
  justify-content: center; */
  min-height: 100vh;
",
        ],
      },
      "displayName": "styled.div",
      "foldedComponentIds": Array [],
      "render": [Function],
      "styledComponentId": "sc-bdVaJa",
      "target": "div",
      "toString": [Function],
      "warnTooManyClasses": [Function],
      "withComponent": [Function],
    },
  },
  Symbol(enzyme.__nodes__): Array [
    Object {
      "instance": null,
      "key": undefined,
      "nodeType": "function",
      "props": Object {
        "children": Array [
          <GlobalStyleComponent />,
          <ForwardRef />,
          <main>
            This is the main.
            <Button>
              Button test
            </Button>
            <Button
              palette="primary"
            >
              Button test
            </Button>
            <Button
              palette="secondary"
            >
              Button test
            </Button>
            <Button
              palette="naked"
            >
              Button test
            </Button>
            <hr />
            <Button
              palette="primary"
              size="sm"
            >
              Button test
            </Button>
            <Button
              palette="secondary"
              size="md"
            >
              Button test
            </Button>
            <Button
              palette="naked"
              size="lg"
            >
              Button test
            </Button>
            <hr />
            <Button
              fullWidth={true}
              palette="primary"
              size="sm"
            >
              Button test
            </Button>
            <hr />
            <p>
              Weight
            </p>
            <Heading
              level={1}
              size="lg"
              weight="light"
            >
              Heading
            </Heading>
            <Heading
              level={1}
              size="lg"
              weight="normal"
            >
              Heading
            </Heading>
            <Heading
              level={1}
              size="lg"
              weight="bold"
            >
              Heading
            </Heading>
            <hr />
            <p>
              Level gives the h tag number, whereas the size modify the font-size
            </p>
            <Heading
              level={4}
              size="xs"
            >
              Heading
            </Heading>
            <Heading
              level={3}
              size="lg"
            >
              Heading
            </Heading>
            <Heading
              level={4}
              size="lg"
            >
              Heading
            </Heading>
            <hr />
            <Heading
              level={1}
              size="md"
            >
              Heading
            </Heading>
            <Heading
              level={2}
              size="sm"
            >
              Heading
            </Heading>
            <Heading
              level={3}
              size="xs"
            >
              Heading
            </Heading>
            <hr />
            <p>
              family is the font
            </p>
            <Heading
              family="primary"
              level={1}
              size="md"
            >
              Heading
            </Heading>
            <Heading
              family="secondary"
              level={1}
              size="md"
            >
              Heading
            </Heading>
          </main>,
        ],
      },
      "ref": null,
      "rendered": Array [
        Object {
          "instance": null,
          "key": undefined,
          "nodeType": "class",
          "props": Object {},
          "ref": null,
          "rendered": null,
          "type": [Function],
        },
        Object {
          "instance": null,
          "key": undefined,
          "nodeType": "function",
          "props": Object {},
          "ref": null,
          "rendered": null,
          "type": Object {
            "$$typeof": Symbol(react.forward_ref),
            "attrs": Array [],
            "componentStyle": ComponentStyle {
              "componentId": "sc-bwzfXH",
              "isStatic": true,
              "rules": Array [
                "
  ",
                "
  position: fixed;
  ",
                "left",
                ": ",
                "0",
                ";
  ",
                "top",
                ": ",
                "0",
                ";
",
                "
  z-index:2;
  background: ",
                "#165A78",
                ";
  width: 100%;
  padding: 10px;
  ",
                "box-shadow: 0 3px 6px rgba(0,0,0,.16), 0 3px 6px rgba(0,0,0,.23)",
                ";
  display: flex;
  align-items: center;
  justify-content: flex-start;

  .logo {
    width: 50px;
    margin-right: 10px;
  }
",
              ],
            },
            "displayName": "Styled(Header)",
            "foldedComponentIds": Array [],
            "render": [Function],
            "styledComponentId": "sc-bwzfXH",
            "target": [Function],
            "toString": [Function],
            "warnTooManyClasses": [Function],
            "withComponent": [Function],
            Symbol(Symbol.hasInstance): [Function],
          },
        },
        Object {
          "instance": null,
          "key": undefined,
          "nodeType": "host",
          "props": Object {
            "children": Array [
              "This is the main.",
              <Button>
                Button test
              </Button>,
              <Button
                palette="primary"
              >
                Button test
              </Button>,
              <Button
                palette="secondary"
              >
                Button test
              </Button>,
              <Button
                palette="naked"
              >
                Button test
              </Button>,
              <hr />,
              <Button
                palette="primary"
                size="sm"
              >
                Button test
              </Button>,
              <Button
                palette="secondary"
                size="md"
              >
                Button test
              </Button>,
              <Button
                palette="naked"
                size="lg"
              >
                Button test
              </Button>,
              <hr />,
              <Button
                fullWidth={true}
                palette="primary"
                size="sm"
              >
                Button test
              </Button>,
              <hr />,
              <p>
                Weight
              </p>,
              <Heading
                level={1}
                size="lg"
                weight="light"
              >
                Heading
              </Heading>,
              <Heading
                level={1}
                size="lg"
                weight="normal"
              >
                Heading
              </Heading>,
              <Heading
                level={1}
                size="lg"
                weight="bold"
              >
                Heading
              </Heading>,
              <hr />,
              <p>
                Level gives the h tag number, whereas the size modify the font-size
              </p>,
              <Heading
                level={4}
                size="xs"
              >
                Heading
              </Heading>,
              <Heading
                level={3}
                size="lg"
              >
                Heading
              </Heading>,
              <Heading
                level={4}
                size="lg"
              >
                Heading
              </Heading>,
              <hr />,
              <Heading
                level={1}
                size="md"
              >
                Heading
              </Heading>,
              <Heading
                level={2}
                size="sm"
              >
                Heading
              </Heading>,
              <Heading
                level={3}
                size="xs"
              >
                Heading
              </Heading>,
              <hr />,
              <p>
                family is the font
              </p>,
              <Heading
                family="primary"
                level={1}
                size="md"
              >
                Heading
              </Heading>,
              <Heading
                family="secondary"
                level={1}
                size="md"
              >
                Heading
              </Heading>,
            ],
          },
          "ref": null,
          "rendered": Array [
            "This is the main.",
            Object {
              "instance": null,
              "key": undefined,
              "nodeType": "function",
              "props": Object {
                "children": "Button test",
              },
              "ref": null,
              "rendered": "Button test",
              "type": [Function],
            },
            Object {
              "instance": null,
              "key": undefined,
              "nodeType": "function",
              "props": Object {
                "children": "Button test",
                "palette": "primary",
              },
              "ref": null,
              "rendered": "Button test",
              "type": [Function],
            },
            Object {
              "instance": null,
              "key": undefined,
              "nodeType": "function",
              "props": Object {
                "children": "Button test",
                "palette": "secondary",
              },
              "ref": null,
              "rendered": "Button test",
              "type": [Function],
            },
            Object {
              "instance": null,
              "key": undefined,
              "nodeType": "function",
              "props": Object {
                "children": "Button test",
                "palette": "naked",
              },
              "ref": null,
              "rendered": "Button test",
              "type": [Function],
            },
            Object {
              "instance": null,
              "key": undefined,
              "nodeType": "host",
              "props": Object {},
              "ref": null,
              "rendered": null,
              "type": "hr",
            },
            Object {
              "instance": null,
              "key": undefined,
              "nodeType": "function",
              "props": Object {
                "children": "Button test",
                "palette": "primary",
                "size": "sm",
              },
              "ref": null,
              "rendered": "Button test",
              "type": [Function],
            },
            Object {
              "instance": null,
              "key": undefined,
              "nodeType": "function",
              "props": Object {
                "children": "Button test",
                "palette": "secondary",
                "size": "md",
              },
              "ref": null,
              "rendered": "Button test",
              "type": [Function],
            },
            Object {
              "instance": null,
              "key": undefined,
              "nodeType": "function",
              "props": Object {
                "children": "Button test",
                "palette": "naked",
                "size": "lg",
              },
              "ref": null,
              "rendered": "Button test",
              "type": [Function],
            },
            Object {
              "instance": null,
              "key": undefined,
              "nodeType": "host",
              "props": Object {},
              "ref": null,
              "rendered": null,
              "type": "hr",
            },
            Object {
              "instance": null,
              "key": undefined,
              "nodeType": "function",
              "props": Object {
                "children": "Button test",
                "fullWidth": true,
                "palette": "primary",
                "size": "sm",
              },
              "ref": null,
              "rendered": "Button test",
              "type": [Function],
            },
            Object {
              "instance": null,
              "key": undefined,
              "nodeType": "host",
              "props": Object {},
              "ref": null,
              "rendered": null,
              "type": "hr",
            },
            Object {
              "instance": null,
              "key": undefined,
              "nodeType": "host",
              "props": Object {
                "children": "Weight",
              },
              "ref": null,
              "rendered": "Weight",
              "type": "p",
            },
            Object {
              "instance": null,
              "key": undefined,
              "nodeType": "function",
              "props": Object {
                "children": "Heading",
                "level": 1,
                "size": "lg",
                "weight": "light",
              },
              "ref": null,
              "rendered": "Heading",
              "type": [Function],
            },
            Object {
              "instance": null,
              "key": undefined,
              "nodeType": "function",
              "props": Object {
                "children": "Heading",
                "level": 1,
                "size": "lg",
                "weight": "normal",
              },
              "ref": null,
              "rendered": "Heading",
              "type": [Function],
            },
            Object {
              "instance": null,
              "key": undefined,
              "nodeType": "function",
              "props": Object {
                "children": "Heading",
                "level": 1,
                "size": "lg",
                "weight": "bold",
              },
              "ref": null,
              "rendered": "Heading",
              "type": [Function],
            },
            Object {
              "instance": null,
              "key": undefined,
              "nodeType": "host",
              "props": Object {},
              "ref": null,
              "rendered": null,
              "type": "hr",
            },
            Object {
              "instance": null,
              "key": undefined,
              "nodeType": "host",
              "props": Object {
                "children": "Level gives the h tag number, whereas the size modify the font-size",
              },
              "ref": null,
              "rendered": "Level gives the h tag number, whereas the size modify the font-size",
              "type": "p",
            },
            Object {
              "instance": null,
              "key": undefined,
              "nodeType": "function",
              "props": Object {
                "children": "Heading",
                "level": 4,
                "size": "xs",
              },
              "ref": null,
              "rendered": "Heading",
              "type": [Function],
            },
            Object {
              "instance": null,
              "key": undefined,
              "nodeType": "function",
              "props": Object {
                "children": "Heading",
                "level": 3,
                "size": "lg",
              },
              "ref": null,
              "rendered": "Heading",
              "type": [Function],
            },
            Object {
              "instance": null,
              "key": undefined,
              "nodeType": "function",
              "props": Object {
                "children": "Heading",
                "level": 4,
                "size": "lg",
              },
              "ref": null,
              "rendered": "Heading",
              "type": [Function],
            },
            Object {
              "instance": null,
              "key": undefined,
              "nodeType": "host",
              "props": Object {},
              "ref": null,
              "rendered": null,
              "type": "hr",
            },
            Object {
              "instance": null,
              "key": undefined,
              "nodeType": "function",
              "props": Object {
                "children": "Heading",
                "level": 1,
                "size": "md",
              },
              "ref": null,
              "rendered": "Heading",
              "type": [Function],
            },
            Object {
              "instance": null,
              "key": undefined,
              "nodeType": "function",
              "props": Object {
                "children": "Heading",
                "level": 2,
                "size": "sm",
              },
              "ref": null,
              "rendered": "Heading",
              "type": [Function],
            },
            Object {
              "instance": null,
              "key": undefined,
              "nodeType": "function",
              "props": Object {
                "children": "Heading",
                "level": 3,
                "size": "xs",
              },
              "ref": null,
              "rendered": "Heading",
              "type": [Function],
            },
            Object {
              "instance": null,
              "key": undefined,
              "nodeType": "host",
              "props": Object {},
              "ref": null,
              "rendered": null,
              "type": "hr",
            },
            Object {
              "instance": null,
              "key": undefined,
              "nodeType": "host",
              "props": Object {
                "children": "family is the font",
              },
              "ref": null,
              "rendered": "family is the font",
              "type": "p",
            },
            Object {
              "instance": null,
              "key": undefined,
              "nodeType": "function",
              "props": Object {
                "children": "Heading",
                "family": "primary",
                "level": 1,
                "size": "md",
              },
              "ref": null,
              "rendered": "Heading",
              "type": [Function],
            },
            Object {
              "instance": null,
              "key": undefined,
              "nodeType": "function",
              "props": Object {
                "children": "Heading",
                "family": "secondary",
                "level": 1,
                "size": "md",
              },
              "ref": null,
              "rendered": "Heading",
              "type": [Function],
            },
          ],
          "type": "main",
        },
      ],
      "type": Object {
        "$$typeof": Symbol(react.forward_ref),
        "attrs": Array [],
        "componentStyle": ComponentStyle {
          "componentId": "sc-bdVaJa",
          "isStatic": true,
          "rules": Array [
            "
  /* display: flex;
  align-items: center;
  justify-content: center; */
  min-height: 100vh;
",
          ],
        },
        "displayName": "styled.div",
        "foldedComponentIds": Array [],
        "render": [Function],
        "styledComponentId": "sc-bdVaJa",
        "target": "div",
        "toString": [Function],
        "warnTooManyClasses": [Function],
        "withComponent": [Function],
      },
    },
  ],
  Symbol(enzyme.__options__): Object {
    "adapter": ReactSixteenAdapter {
      "options": Object {
        "enableComponentDidUpdateOnSetState": true,
        "lifecycles": Object {
          "componentDidUpdate": Object {
            "onSetState": true,
          },
          "getDerivedStateFromProps": true,
          "getSnapshotBeforeUpdate": true,
          "setState": Object {
            "skipsComponentDidUpdateOnNullish": true,
          },
        },
      },
    },
  },
}
`;
